
> rescuebite@1.0.0 dev
> tsx watch src/server.ts

◇ injected env (0) from .env // tip: ⌘ multiple files { path: ['.env.local', '.env'] }
Connected to the database successfully.
Server is running on port 5000
(node:20564) Warning: SECURITY WARNING: The SSL modes 'prefer', 'require', and 'verify-ca' are treated as aliases for 'verify-full'.
In the next major version (pg-connection-string v3.0.0 and pg v9.0.0), these modes will adopt standard libpq semantics, which have weaker security guarantees.

To prepare for this change:
- If you want the current behavior, explicitly use 'sslmode=verify-full'
- If you want libpq compatibility now, use 'uselibpqcompat=true&sslmode=require'

See https://www.postgresql.org/docs/current/libpq-ssl.html for libpq SSL mode definitions.
(Use `node --trace-warnings ...` to show where the warning was created)
Error: User not found
    at Object.loginUser (E:\RescueBite\RescueBite\src\modules\auth\auth.service.ts:39:9)
    at process.processTicksAndRejections (node:internal/process/task_queues:104:5)
    at async <anonymous> (E:\RescueBite\RescueBite\src\modules\auth\auth.controller.ts:24:17)
    at async <anonymous> (E:\RescueBite\RescueBite\src\utils\catchAsync.ts:6:4)
2:27:30 AM [tsx] change in ./src\modules\auth\auth.validation.ts Restarting...
◇ injected env (0) from .env // tip: ⌘ custom filepath { path: '/custom/path/.env' }
Connected to the database successfully.
Server is running on port 5000
2:27:40 AM [tsx] change in ./src\modules\auth\auth.service.ts Rerunning...
◇ injected env (0) from .env // tip: ⌘ custom filepath { path: '/custom/path/.env' }
Connected to the database successfully.
Server is running on port 5000
2:27:44 AM [tsx] change in ./src\modules\auth\auth.controller.ts Restarting...
◇ injected env (0) from .env // tip: ⌁ auth for agents [www.vestauth.com]
Connected to the database successfully.
Server is running on port 5000
2:28:13 AM [tsx] change in ./src\app.ts Rerunning...
◇ injected env (0) from .env // tip: ◈ encrypted .env [www.dotenvx.com]
Connected to the database successfully.
Server is running on port 5000
(node:8724) Warning: SECURITY WARNING: The SSL modes 'prefer', 'require', and 'verify-ca' are treated as aliases for 'verify-full'.
In the next major version (pg-connection-string v3.0.0 and pg v9.0.0), these modes will adopt standard libpq semantics, which have weaker security guarantees.

To prepare for this change:
- If you want the current behavior, explicitly use 'sslmode=verify-full'
- If you want libpq compatibility now, use 'uselibpqcompat=true&sslmode=require'

See https://www.postgresql.org/docs/current/libpq-ssl.html for libpq SSL mode definitions.
(Use `node --trace-warnings ...` to show where the warning was created)

> rescuebite@1.0.0 dev
> tsx watch src/server.ts

◇ injected env (0) from .env // tip: ◈ encrypted .env [www.dotenvx.com]
Connected to the database successfully.
Connected to Redis successfully.
nodemailer connected successfully
Server is running on port 5000
10:45:25 PM [tsx] change in ./src\middlewares\validateRequest.ts Restarting...
◇ injected env (0) from .env // tip: ⌘ multiple files { path: ['.env.local', '.env'] }
Connected to the database successfully.
Connected to Redis successfully.
nodemailer connected successfully
Server is running on port 5000

> rescuebite@1.0.0 dev
> tsx watch src/server.ts

◇ injected env (0) from .env // tip: ⌘ custom filepath { path: '/custom/path/.env' }
Connected to the database successfully.
Connected to Redis successfully.
nodemailer connected successfully
Server is running on port 5000
VALIDATE REQUEST BODY: {"name":"ProviderUser","email":"curl_test_555@gmail.com","password":"TestPass123!","role":"PROVIDER"}
BODY TYPE: object false
[ZodError: [
  {
    "origin": "string",
    "code": "too_big",
    "maximum": 10,
    "inclusive": true,
    "path": [
      "name"
    ],
    "message": "Not A String!!!!!"
  }
]]
[
  {
    origin: 'string',
    code: 'too_big',
    maximum: 10,
    inclusive: true,
    path: [ 'name' ],
    message: 'Not A String!!!!!'
  }
]
VALIDATE REQUEST BODY: {"name":"Provider","email":"provider_e2e1@gmail.com","password":"TestPass123!","role":"PROVIDER"}
BODY TYPE: object false
(node:22784) Warning: SECURITY WARNING: The SSL modes 'prefer', 'require', and 'verify-ca' are treated as aliases for 'verify-full'.
In the next major version (pg-connection-string v3.0.0 and pg v9.0.0), these modes will adopt standard libpq semantics, which have weaker security guarantees.

To prepare for this change:
- If you want the current behavior, explicitly use 'sslmode=verify-full'
- If you want libpq compatibility now, use 'uselibpqcompat=true&sslmode=require'

See https://www.postgresql.org/docs/current/libpq-ssl.html for libpq SSL mode definitions.
(Use `node --trace-warnings ...` to show where the warning was created)
VALIDATE REQUEST BODY: {"email":"provider_e2e1@gmail.com","otp":"301288"}
BODY TYPE: object false
Token verification failed: JsonWebTokenError: jwt malformed
    at module.exports [as verify] (E:\RescueBite\RescueBite\node_modules\jsonwebtoken\verify.js:70:17)
    at Object.verifyToken (E:\RescueBite\RescueBite\src\utils\jwt.ts:17:29)
    at authenticate (E:\RescueBite\RescueBite\src\middlewares\auth.ts:24:28)
    at Layer.handleRequest (E:\RescueBite\RescueBite\node_modules\router\lib\layer.js:152:17)
    at next (E:\RescueBite\RescueBite\node_modules\router\lib\route.js:157:13)
    at Route.dispatch (E:\RescueBite\RescueBite\node_modules\router\lib\route.js:117:3)
    at handle (E:\RescueBite\RescueBite\node_modules\router\index.js:435:11)
    at Layer.handleRequest (E:\RescueBite\RescueBite\node_modules\router\lib\layer.js:152:17)
    at E:\RescueBite\RescueBite\node_modules\router\index.js:295:15
    at processParams (E:\RescueBite\RescueBite\node_modules\router\index.js:582:12)
Token verification failed: JsonWebTokenError: jwt malformed
    at module.exports [as verify] (E:\RescueBite\RescueBite\node_modules\jsonwebtoken\verify.js:70:17)
    at Object.verifyToken (E:\RescueBite\RescueBite\src\utils\jwt.ts:17:29)
    at authenticate (E:\RescueBite\RescueBite\src\middlewares\auth.ts:24:28)
    at Layer.handleRequest (E:\RescueBite\RescueBite\node_modules\router\lib\layer.js:152:17)
    at next (E:\RescueBite\RescueBite\node_modules\router\lib\route.js:157:13)
    at Route.dispatch (E:\RescueBite\RescueBite\node_modules\router\lib\route.js:117:3)
    at handle (E:\RescueBite\RescueBite\node_modules\router\index.js:435:11)
    at Layer.handleRequest (E:\RescueBite\RescueBite\node_modules\router\lib\layer.js:152:17)
    at E:\RescueBite\RescueBite\node_modules\router\index.js:295:15
    at processParams (E:\RescueBite\RescueBite\node_modules\router\index.js:582:12)
10:54:23 PM [tsx] change in ./src\app.ts Restarting...
◇ injected env (0) from .env // tip: ◈ encrypted .env [www.dotenvx.com]
Connected to the database successfully.
Connected to Redis successfully.
10:54:27 PM [tsx] change in ./src\app.ts Restarting...
◇ injected env (0) from .env // tip: ⌘ multiple files { path: ['.env.local', '.env'] }
Connected to the database successfully.
10:54:28 PM [tsx] change in ./src\app.ts Restarting...
◇ injected env (0) from .env // tip: ⌘ custom filepath { path: '/custom/path/.env' }
Connected to the database successfully.
Connected to Redis successfully.
10:54:31 PM [tsx] change in ./src\middlewares\validateRequest.ts Restarting...
◇ injected env (0) from .env // tip: ◈ encrypted .env [www.dotenvx.com]
Connected to the database successfully.
Connected to Redis successfully.
nodemailer connected successfully
Server is running on port 5000
10:54:34 PM [tsx] change in ./src\modules\provider\provider.controller.ts Restarting...
◇ injected env (0) from .env // tip: ⌘ enable debugging { debug: true }
Connected to the database successfully.
Connected to Redis successfully.
nodemailer connected successfully
Server is running on port 5000
(node:1900) Warning: SECURITY WARNING: The SSL modes 'prefer', 'require', and 'verify-ca' are treated as aliases for 'verify-full'.
In the next major version (pg-connection-string v3.0.0 and pg v9.0.0), these modes will adopt standard libpq semantics, which have weaker security guarantees.

To prepare for this change:
- If you want the current behavior, explicitly use 'sslmode=verify-full'
- If you want libpq compatibility now, use 'uselibpqcompat=true&sslmode=require'

See https://www.postgresql.org/docs/current/libpq-ssl.html for libpq SSL mode definitions.
(Use `node --trace-warnings ...` to show where the warning was created)
